C:/Users/Facu/Desktop/UBA Esp en Sist Emb/Materias CESE/PCSE/CESE-PCSE/PF_PCSE/Drivers/CMSIS/Include/core_cm4.h:1688:22:__NVIC_EnableIRQ	16	static
../Drivers/DHT22/src/DHT22_STM32f4xx_port.c:60:17:_HAL_PORT_DECODE	24	static
../Drivers/DHT22/src/DHT22_STM32f4xx_port.c:95:6:GPIO_set_config	72	static
../Drivers/DHT22/src/DHT22_STM32f4xx_port.c:162:6:GPIO_write	24	static
../Drivers/DHT22/src/DHT22_STM32f4xx_port.c:187:8:is_pin	16	static
../Drivers/DHT22/src/DHT22_STM32f4xx_port.c:202:6:EXTI0_IRQHandler	8	static
../Drivers/DHT22/src/DHT22_STM32f4xx_port.c:211:6:EXTI1_IRQHandler	8	static
../Drivers/DHT22/src/DHT22_STM32f4xx_port.c:220:6:EXTI2_IRQHandler	8	static
../Drivers/DHT22/src/DHT22_STM32f4xx_port.c:229:6:EXTI3_IRQHandler	8	static
../Drivers/DHT22/src/DHT22_STM32f4xx_port.c:238:6:EXTI4_IRQHandler	8	static
../Drivers/DHT22/src/DHT22_STM32f4xx_port.c:247:6:EXTI9_5_IRQHandler	8	static
../Drivers/DHT22/src/DHT22_STM32f4xx_port.c:260:6:EXTI15_10_IRQHandler	8	static
../Drivers/DHT22/src/DHT22_STM32f4xx_port.c:274:6:HAL_GPIO_EXTI_Callback	24	static
../Drivers/DHT22/src/DHT22_STM32f4xx_port.c:310:10:tiempo_actual	8	static
../Drivers/DHT22/src/DHT22_STM32f4xx_port.c:319:6:port_delay_ms	16	static
../Drivers/DHT22/src/DHT22_STM32f4xx_port.c:330:6:reset_timer	4	static
../Drivers/DHT22/src/DHT22_STM32f4xx_port.c:339:6:Timer_Init	40	static
../Drivers/DHT22/src/DHT22_STM32f4xx_port.c:374:6:TIM2_IRQHandler	8	static
../Drivers/DHT22/src/DHT22_STM32f4xx_port.c:385:6:HAL_TIM_PeriodElapsedCallback	16	static
