../Drivers/DHT22/src/port.c:48:10:tiempo_actual	8	static
../Drivers/DHT22/src/port.c:52:6:delay_ms	16	static
../Drivers/DHT22/src/port.c:63:6:GPIO_set_config	40	static
../Drivers/DHT22/src/port.c:98:6:GPIO_write	24	static
../Drivers/DHT22/src/port.c:119:8:GPIO_read	16	static
../Drivers/DHT22/src/port.c:134:6:HAL_GPIO_EXTI_Callback	16	static
../Drivers/DHT22/src/port.c:160:6:Timer_Init	8	static
../Drivers/DHT22/src/port.c:172:19:HAL_TIM_Base_Init	16	static
../Drivers/DHT22/src/port.c:226:19:HAL_TIM_Base_Start	24	static
../Drivers/DHT22/src/port.c:260:6:HAL_TIM_Base_MspInit	16	static
../Drivers/DHT22/src/port.c:270:6:TIM_Base_SetConfig	24	static
