../Drivers/DHT22/src/port.c:50:10:tiempo_actual	8	static
../Drivers/DHT22/src/port.c:54:6:delay_ms	16	static
../Drivers/DHT22/src/port.c:65:6:GPIO_set_config	40	static
../Drivers/DHT22/src/port.c:100:6:GPIO_write	24	static
../Drivers/DHT22/src/port.c:121:8:GPIO_read	16	static
../Drivers/DHT22/src/port.c:136:6:HAL_GPIO_EXTI_Callback	16	static
../Drivers/DHT22/src/port.c:165:6:Timer_Init	8	static
../Drivers/DHT22/src/port.c:177:19:HAL_TIM_Base_Init	16	static
../Drivers/DHT22/src/port.c:231:19:HAL_TIM_Base_Start	24	static
../Drivers/DHT22/src/port.c:265:6:HAL_TIM_Base_MspInit	16	static
../Drivers/DHT22/src/port.c:275:6:TIM_Base_SetConfig	24	static
