C:/Users/Facu/Desktop/UBA Esp en Sist Emb/Materias CESE/PCSE/CESE-PCSE/PF_PCSE/Drivers/CMSIS/Include/core_cm4.h:1688:22:__NVIC_EnableIRQ	16	static
../Drivers/DHT22/src/port.c:53:6:GPIO_set_config	72	static
../Drivers/DHT22/src/port.c:119:6:GPIO_write	16	static
../Drivers/DHT22/src/port.c:137:8:GPIO_read	16	static
../Drivers/DHT22/src/port.c:152:8:is_pin	16	static
../Drivers/DHT22/src/port.c:164:6:reset_T_Array_counter	4	static
../Drivers/DHT22/src/port.c:175:6:EXTI0_IRQHandler	8	static
../Drivers/DHT22/src/port.c:184:6:EXTI1_IRQHandler	8	static
../Drivers/DHT22/src/port.c:193:6:EXTI2_IRQHandler	8	static
../Drivers/DHT22/src/port.c:202:6:EXTI3_IRQHandler	8	static
../Drivers/DHT22/src/port.c:211:6:EXTI4_IRQHandler	8	static
../Drivers/DHT22/src/port.c:220:6:EXTI9_5_IRQHandler	8	static
../Drivers/DHT22/src/port.c:233:6:EXTI15_10_IRQHandler	8	static
../Drivers/DHT22/src/port.c:248:6:HAL_GPIO_EXTI_Callback	16	static
../Drivers/DHT22/src/port.c:277:10:tiempo_actual	8	static
../Drivers/DHT22/src/port.c:286:6:delay_ms	16	static
../Drivers/DHT22/src/port.c:297:6:reset_timer	4	static
../Drivers/DHT22/src/port.c:304:6:Timer_Init	16	static
../Drivers/DHT22/src/port.c:317:19:HAL_TIM_Base_Init	16	static
../Drivers/DHT22/src/port.c:371:19:HAL_TIM_Base_Start	24	static
../Drivers/DHT22/src/port.c:405:6:HAL_TIM_Base_MspInit	16	static
../Drivers/DHT22/src/port.c:415:6:TIM_Base_SetConfig	24	static
