../Drivers/DHT22/src/port.c:51:6:GPIO_set_config	64	static
../Drivers/DHT22/src/port.c:88:6:GPIO_write	16	static
../Drivers/DHT22/src/port.c:108:8:GPIO_read	16	static
../Drivers/DHT22/src/port.c:123:8:is_pin	16	static
../Drivers/DHT22/src/port.c:137:6:HAL_GPIO_EXTI_Callback	16	static
../Drivers/DHT22/src/port.c:172:10:tiempo_actual	8	static
../Drivers/DHT22/src/port.c:181:6:delay_ms	16	static
../Drivers/DHT22/src/port.c:190:6:reset_timer	4	static
../Drivers/DHT22/src/port.c:197:6:Timer_Init	16	static
../Drivers/DHT22/src/port.c:210:19:HAL_TIM_Base_Init	16	static
../Drivers/DHT22/src/port.c:264:19:HAL_TIM_Base_Start	24	static
../Drivers/DHT22/src/port.c:298:6:HAL_TIM_Base_MspInit	16	static
../Drivers/DHT22/src/port.c:308:6:TIM_Base_SetConfig	24	static
