C:/Users/Facu/Desktop/UBA Esp en Sist Emb/Materias CESE/PCSE/CESE-PCSE/PF_PCSE/Drivers/CMSIS/Include/core_cm4.h:1688:22:__NVIC_EnableIRQ	16	static
../Drivers/DHT22/src/port.c:59:6:GPIO_set_config	72	static
../Drivers/DHT22/src/port.c:124:6:GPIO_write	16	static
../Drivers/DHT22/src/port.c:148:8:is_pin	16	static
../Drivers/DHT22/src/port.c:163:6:EXTI0_IRQHandler	8	static
../Drivers/DHT22/src/port.c:172:6:EXTI1_IRQHandler	8	static
../Drivers/DHT22/src/port.c:181:6:EXTI2_IRQHandler	8	static
../Drivers/DHT22/src/port.c:190:6:EXTI3_IRQHandler	8	static
../Drivers/DHT22/src/port.c:199:6:EXTI4_IRQHandler	8	static
../Drivers/DHT22/src/port.c:208:6:EXTI9_5_IRQHandler	8	static
../Drivers/DHT22/src/port.c:221:6:EXTI15_10_IRQHandler	8	static
../Drivers/DHT22/src/port.c:235:6:HAL_GPIO_EXTI_Callback	24	static
../Drivers/DHT22/src/port.c:271:10:tiempo_actual	8	static
../Drivers/DHT22/src/port.c:280:6:delay_ms	16	static
../Drivers/DHT22/src/port.c:291:6:reset_timer	4	static
../Drivers/DHT22/src/port.c:301:6:Timer_Init	40	static
../Drivers/DHT22/src/port.c:332:6:TIM2_IRQHandler	8	static
../Drivers/DHT22/src/port.c:342:6:HAL_TIM_PeriodElapsedCallback	16	static
